1 80 FA134AX4 1565 A2 77.4 0.96 False
2 80 FA134AX5 212 A2 40.1 0.96 True
3 80 FA134AXJ 292 A2 65.5 0.96 True
4 80 FA134AXG 313 A2 58.9 0.93 True
5 80 FA134AXE 1067 A2 58.5 0.86 True
6 80 FA134AXF 1189 A2 76.9 0.89 False
7 80 FA134AX5 9 A2 61.1 0.93 True
8 80 FA134AX8 1466 A2 39.0 0.86 True
9 80 FA134AX8 1273 A2 104.7 0.64 False
10 80 FA134AXE 169 A2 85.8 0.89 False
11 80 FA134AXF 1216 A2 66.6 0.75 True
12 80 FA134AXE 1175 A2 71.3 0.89 False
13 80 FA134AXF 1598 A2 58.7 0.57 False
14 80 FA134AXF 1391 A2 72.7 0.96 False
15 80 FA134AXE 900 A2 76.3 0.86 False
16 80 FA134AX4 1750 A2 74.5 0.86 False
17 80 FA134AXF 1475 A2 54.7 0.89 True
18 80 FA134AXE 964 A2 78.5 0.86 False
19 80 FA134AXH 612 A2 68.1 0.79 True
20 80 FA134AX6 576 A2 58.1 0.96 True
21 80 FA134AX4 1565 A3 75.9 0.89 False
22 80 FA134AX4 1478 A3 48.7 0.86 True
23 80 FA134AXJ 292 A3 52.2 0.93 True
24 80 FA134AXG 313 A3 58.9 0.82 True
25 80 FA134AX7 421 A3 34.6 0.89 True
26 80 FA134AXG 586 A3 98.3 -0.75 False
27 80 FA134AX4 1431 A3 75.0 0.75 False
28 80 FA134AX7 123 A3 32.2 -0.68 False
29 80 FA134AXE 1067 A3 78.6 0.96 False
30 80 FA134AX5 1421 A3 39.8 0.93 True
31 80 FA134AXE 1175 A3 71.3 0.89 False
32 80 FA134AX4 379 A3 81.9 0.21 False
33 80 FA134AXI 88 A3 142.8 -0.46 False
34 80 FA134AXF 1475 A3 54.7 0.96 True
35 80 FA134AX4 1623 A3 73.5 0.61 False
36 80 FA134AXD 399 A3 23.6 0.93 True
37 80 FA134AXH 260 A3 108.3 0.89 False
38 80 FA134AXH 850 A3 14.9 -0.71 False
39 80 FA134AX6 829 A3 68.5 0.93 True
40 80 FA134AX6 1562 A3 56.0 1.0 True
41 80 FA134AXG 1455 A4 44.4 0.96 True
42 80 FA134AX8 1055 A4 80.8 0.46 False
43 80 FA134AX5 694 A4 21.0 0.96 True
44 80 FA134AXJ 91 A4 12.2 0.5 False
45 80 FA134AX4 122 A4 94.0 1.0 False
46 80 FA134AXD 318 A4 26.1 0.39 False
47 80 FA134AX5 978 A4 25.3 0.46 False
48 80 FA134AX6 306 A4 10.7 0.36 False
49 80 FA134AXH 530 A4 16.9 -0.07 False
50 80 FA134AXJ 1256 A4 20.1 0.82 True
51 80 FA134AX5 314 A4 20.2 1.0 True
52 80 FA134AX6 1325 A4 76.5 0.86 False
53 80 FA134AX8 1483 A4 9.2 -0.14 False
54 80 FA134AX4 1565 A4 75.8 0.71 False
55 80 FA134AXD 627 A4 21.4 0.82 True
56 80 FA134AXH 959 A4 15.0 0.04 False
57 80 FA134AXG 1575 A4 137.9 0.32 False
58 80 FA134AXE 361 A4 62.7 1.0 True
59 80 FA134AX6 829 A4 68.5 0.93 True
60 80 FA134AXF 211 A4 18.3 0.89 False
61 80 FA134AX5 211 A5 99.2 -0.21 False
62 80 FA134AXJ 1377 A5 39.4 0.96 True
63 80 FA134AX5 331 A5 23.4 0.86 True
64 80 FA134AXF 287 A5 38.8 0.86 True
Traceback (most recent call last):
  File "/home/honglab/leijiaxin/HFOsp/scripts/paper_figures/select_fig1_y1_shaft_events.py", line 104, in <module>
    if __name__=='__main__':main()
                            ^^^^^^
  File "/home/honglab/leijiaxin/HFOsp/scripts/paper_figures/select_fig1_y1_shaft_events.py", line 64, in main
    audit=centroid_alignment_audit(spec,t,f,c,.32,.70)
          ^^^^^^^^^^^^^^^^^^^^^^^^^^^^^^^^^^^^^^^^^^^^
  File "/home/honglab/leijiaxin/HFOsp/scripts/paper_figures/fig1_spectrogram_utils.py", line 228, in centroid_alignment_audit
    raise ValueError(
ValueError: centroid/display misregistration: minimum nearest-cell support=0.676
